---
http_interactions:
- request:
    method: post
    uri: http://pld.com/api/v3/admin/company_custom_field_groups.json
    body:
      encoding: UTF-8
      string: '{"company_custom_field_group":{"name":"test company custom field group
        for deletion"}}'
    headers:
      Content-Type:
      - application/json
      Authorization:
      - Bearer eyJhbGciOiJIUzI1NiJ9.eyJhdWQiOiJiM2JkYTBlMjFhMTc4ZjI5OGI3OWIzMTA5NDViMzI1OCIsImp0aSI6IjVhZjg3MDAwLTAxODMtMDEzZC00M2ZmLTJjZGU0ODAwMTEyMiIsImV4cCI6MTc0ODY5OTcyMH0.wACkSpBq3A9aXxfIkXJ-Syovv8JrPgG5Pa6qlAZLrqQ
      Accept-Encoding:
      - gzip;q=1.0,deflate;q=0.6,identity;q=0.3
      Accept:
      - "*/*"
      User-Agent:
      - Ruby
  response:
    status:
      code: 200
      message: OK
    headers:
      Server:
      - nginx/1.25.3
      Date:
      - Mon, 03 Jun 2024 14:48:55 GMT
      Content-Type:
      - application/json; charset=utf-8
      Transfer-Encoding:
      - chunked
      Connection:
      - keep-alive
      X-Ratelimit-Limit:
      - '10'
      X-Ratelimit-Remaining:
      - '10'
      X-Ratelimit-Reset:
      - '1717426136'
      Cache-Control:
      - no-store
      Vary:
      - Origin
      Etag:
      - W/"49611c27b8468dabbc1842c9cb2e24d9"
      X-Request-Id:
      - ec215c9f-c9ab-489b-b261-17de4b4253f4
      X-Runtime:
      - '0.060530'
      X-Frame-Options:
      - DENY
      X-Content-Type-Options:
      - nosniff
      X-Xss-Protection:
      - 1; mode=block
      X-Download-Options:
      - noopen
      X-Permitted-Cross-Domain-Policies:
      - none
    body:
      encoding: UTF-8
      string: '{"id":4,"type":"CompanyCustomFieldGroup","name":"test company custom
        field group for deletion","created_at":"2024/06/03 10:48:55 -0400","updated_at":"2024/06/03
        10:48:55 -0400","custom_field_group_permissions":[]}'
  recorded_at: Mon, 03 Jun 2024 14:48:55 GMT
- request:
    method: delete
    uri: http://pld.com/api/v3/admin/company_custom_field_groups/4.json
    body:
      encoding: US-ASCII
      string: ''
    headers:
      Content-Type:
      - application/json
      Authorization:
      - Bearer eyJhbGciOiJIUzI1NiJ9.eyJhdWQiOiJiM2JkYTBlMjFhMTc4ZjI5OGI3OWIzMTA5NDViMzI1OCIsImp0aSI6IjVhZjg3MDAwLTAxODMtMDEzZC00M2ZmLTJjZGU0ODAwMTEyMiIsImV4cCI6MTc0ODY5OTcyMH0.wACkSpBq3A9aXxfIkXJ-Syovv8JrPgG5Pa6qlAZLrqQ
      Accept-Encoding:
      - gzip;q=1.0,deflate;q=0.6,identity;q=0.3
      Accept:
      - "*/*"
      User-Agent:
      - Ruby
  response:
    status:
      code: 204
      message: No Content
    headers:
      Server:
      - nginx/1.25.3
      Date:
      - Mon, 03 Jun 2024 14:48:55 GMT
      Connection:
      - keep-alive
      X-Ratelimit-Limit:
      - '10'
      X-Ratelimit-Remaining:
      - '10'
      X-Ratelimit-Reset:
      - '1717426136'
      Cache-Control:
      - no-store
      Vary:
      - Origin
      X-Request-Id:
      - 6a88426e-142d-4e63-b3ac-df32497154a5
      X-Runtime:
      - '0.059725'
      X-Frame-Options:
      - DENY
      X-Content-Type-Options:
      - nosniff
      X-Xss-Protection:
      - 1; mode=block
      X-Download-Options:
      - noopen
      X-Permitted-Cross-Domain-Policies:
      - none
    body:
      encoding: UTF-8
      string: ''
  recorded_at: Mon, 03 Jun 2024 14:48:55 GMT
- request:
    method: get
    uri: http://pld.com/api/v3/admin/company_custom_field_groups.json?page=1
    body:
      encoding: US-ASCII
      string: ''
    headers:
      Content-Type:
      - application/json
      Authorization:
      - Bearer eyJhbGciOiJIUzI1NiJ9.eyJhdWQiOiJiM2JkYTBlMjFhMTc4ZjI5OGI3OWIzMTA5NDViMzI1OCIsImp0aSI6IjVhZjg3MDAwLTAxODMtMDEzZC00M2ZmLTJjZGU0ODAwMTEyMiIsImV4cCI6MTc0ODY5OTcyMH0.wACkSpBq3A9aXxfIkXJ-Syovv8JrPgG5Pa6qlAZLrqQ
      Accept-Encoding:
      - gzip;q=1.0,deflate;q=0.6,identity;q=0.3
      Accept:
      - "*/*"
      User-Agent:
      - Ruby
  response:
    status:
      code: 200
      message: OK
    headers:
      Server:
      - nginx/1.25.3
      Date:
      - Mon, 03 Jun 2024 14:48:55 GMT
      Content-Type:
      - application/json; charset=utf-8
      Transfer-Encoding:
      - chunked
      Connection:
      - keep-alive
      X-Ratelimit-Limit:
      - '10'
      X-Ratelimit-Remaining:
      - '10'
      X-Ratelimit-Reset:
      - '1717426136'
      Cache-Control:
      - no-store
      Vary:
      - Origin
      Etag:
      - W/"45ea7c2bbd1a94d22ac27a0198377553"
      X-Request-Id:
      - f304342a-7268-4069-b3b0-3a0f95e6511e
      X-Runtime:
      - '0.030646'
      X-Frame-Options:
      - DENY
      X-Content-Type-Options:
      - nosniff
      X-Xss-Protection:
      - 1; mode=block
      X-Download-Options:
      - noopen
      X-Permitted-Cross-Domain-Policies:
      - none
    body:
      encoding: UTF-8
      string: '{"entries":[],"pagination":{"page":1,"page_var":"page","per_page":200,"pages":1,"total":0}}'
  recorded_at: Mon, 03 Jun 2024 14:48:55 GMT
recorded_with: VCR 6.1.0
