---
http_interactions:
- request:
    method: post
    uri: http://pld.com/api/v3/admin/webhooks.json
    body:
      encoding: UTF-8
      string: '{"webhook":{"event_model":"person","event_action":"create","failure_email":"test@test.com","url":"http://this.pld.com"}}'
    headers:
      Content-Type:
      - application/json
      Authorization:
      - Bearer eyJhbGciOiJIUzI1NiJ9.eyJhdWQiOiIwMTBhMTRiZTQwZmY1ZGVhZmI3ZGU3ZTc3M2I4YmZmMCIsImp0aSI6ImJmZmNlNzkwLWRjYWYtMDEzYi0wZmIxLTJjZGU0ODAwMTEyMiJ9.Yz_l8laGdXwhBQcb7ymODeh4ajH_K7p3FJIfcmLcpKA
      Accept-Encoding:
      - gzip;q=1.0,deflate;q=0.6,identity;q=0.3
      Accept:
      - "*/*"
      User-Agent:
      - Ruby
  response:
    status:
      code: 200
      message: OK
    headers:
      Server:
      - nginx/1.23.3
      Date:
      - Thu, 25 May 2023 16:55:27 GMT
      Content-Type:
      - application/json; charset=utf-8
      Transfer-Encoding:
      - chunked
      Connection:
      - keep-alive
      X-Ratelimit-Limit:
      - '10'
      X-Ratelimit-Remaining:
      - '9'
      X-Ratelimit-Reset:
      - '1685033728'
      Cache-Control:
      - no-store
      Vary:
      - Origin
      Etag:
      - W/"39eedc81d79478e144099df609b51161"
      X-Request-Id:
      - 9255e4db-15a7-4557-9dc7-5cfc8eabdf96
      X-Runtime:
      - '0.398236'
      X-Frame-Options:
      - DENY
      X-Content-Type-Options:
      - nosniff
      X-Xss-Protection:
      - 1; mode=block
      X-Download-Options:
      - noopen
      X-Permitted-Cross-Domain-Policies:
      - none
    body:
      encoding: UTF-8
      string: '{"id":78,"event_model":"person","name":"Testing JWT person:create","is_activated":true,"created_at":"2023-05-25T16:55:27.530Z","updated_at":"2023-05-25T16:55:27.530Z","account_id":65,"account_key":"GVHA6Kon3pE18CEeSvgWn6xGYFwGOv1rqQ","last_run_at":null,"event_action":"create","description":"Testing
        JWT person:create =\u003e http://this.pld.com","updated_by":null,"debug_enabled":false,"app_id":32,"event_elapsed_time_subject":null,"event_elapsed_time_value":null,"event_elapsed_time_unit":null,"event_column":null,"event_column_delta":null,"event_trigger_time":null,"automation_folder_id":null,"source":"user"}'
  recorded_at: Thu, 25 May 2023 16:55:27 GMT
- request:
    method: delete
    uri: http://pld.com/api/v3/admin/webhooks/78.json
    body:
      encoding: US-ASCII
      string: ''
    headers:
      Content-Type:
      - application/json
      Authorization:
      - Bearer eyJhbGciOiJIUzI1NiJ9.eyJhdWQiOiIwMTBhMTRiZTQwZmY1ZGVhZmI3ZGU3ZTc3M2I4YmZmMCIsImp0aSI6ImJmZmNlNzkwLWRjYWYtMDEzYi0wZmIxLTJjZGU0ODAwMTEyMiJ9.Yz_l8laGdXwhBQcb7ymODeh4ajH_K7p3FJIfcmLcpKA
      Accept-Encoding:
      - gzip;q=1.0,deflate;q=0.6,identity;q=0.3
      Accept:
      - "*/*"
      User-Agent:
      - Ruby
  response:
    status:
      code: 200
      message: OK
    headers:
      Server:
      - nginx/1.23.3
      Date:
      - Thu, 25 May 2023 16:55:27 GMT
      Content-Type:
      - application/json; charset=utf-8
      Transfer-Encoding:
      - chunked
      Connection:
      - keep-alive
      X-Ratelimit-Limit:
      - '10'
      X-Ratelimit-Remaining:
      - '8'
      X-Ratelimit-Reset:
      - '1685033728'
      Cache-Control:
      - no-store
      Vary:
      - Origin
      Etag:
      - W/"74234e98afe7498fb5daf1f36ac2d78a"
      X-Request-Id:
      - 16956111-4a42-4333-9f99-735bc301bdac
      X-Runtime:
      - '0.120284'
      X-Frame-Options:
      - DENY
      X-Content-Type-Options:
      - nosniff
      X-Xss-Protection:
      - 1; mode=block
      X-Download-Options:
      - noopen
      X-Permitted-Cross-Domain-Policies:
      - none
    body:
      encoding: UTF-8
      string: 'null'
  recorded_at: Thu, 25 May 2023 16:55:27 GMT
- request:
    method: get
    uri: http://pld.com/api/v3/admin/webhooks.json?page=1&per_page=200
    body:
      encoding: US-ASCII
      string: ''
    headers:
      Content-Type:
      - application/json
      Authorization:
      - Bearer eyJhbGciOiJIUzI1NiJ9.eyJhdWQiOiIwMTBhMTRiZTQwZmY1ZGVhZmI3ZGU3ZTc3M2I4YmZmMCIsImp0aSI6ImJmZmNlNzkwLWRjYWYtMDEzYi0wZmIxLTJjZGU0ODAwMTEyMiJ9.Yz_l8laGdXwhBQcb7ymODeh4ajH_K7p3FJIfcmLcpKA
      Accept-Encoding:
      - gzip;q=1.0,deflate;q=0.6,identity;q=0.3
      Accept:
      - "*/*"
      User-Agent:
      - Ruby
  response:
    status:
      code: 200
      message: OK
    headers:
      Server:
      - nginx/1.23.3
      Date:
      - Thu, 25 May 2023 16:55:27 GMT
      Content-Type:
      - application/json; charset=utf-8
      Transfer-Encoding:
      - chunked
      Connection:
      - keep-alive
      X-Ratelimit-Limit:
      - '10'
      X-Ratelimit-Remaining:
      - '7'
      X-Ratelimit-Reset:
      - '1685033728'
      Cache-Control:
      - no-store
      Vary:
      - Origin
      Etag:
      - W/"d03ff1e2df7ad33907b2086ec5f9e0a9"
      X-Request-Id:
      - ca4c7062-4bfd-473c-bff5-bd504c130550
      X-Runtime:
      - '0.114822'
      X-Frame-Options:
      - DENY
      X-Content-Type-Options:
      - nosniff
      X-Xss-Protection:
      - 1; mode=block
      X-Download-Options:
      - noopen
      X-Permitted-Cross-Domain-Policies:
      - none
    body:
      encoding: UTF-8
      string: '{"webhooks":[]}'
  recorded_at: Thu, 25 May 2023 16:55:27 GMT
recorded_with: VCR 6.1.0
